// Jest Snapshot v1, https://goo.gl/fbAQLP

exports[`<GridText/> should match snapshot 1`] = `
.c1 {
  max-width: 120rem;
  margin: 0 auto;
  padding: 3.2rem;
  width: 100%;
}

.c0 {
  background-color: #FFFFFF;
  color: #0A1128;
  min-height: 100vh;
  display: flex;
  align-items: center;
}

.c5 {
  color: #0A1128;
  text-transform: uppercase;
  font-size: 3.2rem;
}

.c9 {
  color: #0A1128;
  text-transform: none;
  font-size: 2.4rem;
}

.c11 {
  display: block;
}

.c12 {
  font-weight: bold;
  border: none;
  background-color: #dc143c;
  color: #FFFFFF;
  border-radius: 4px;
  padding: 8px 20px;
  font-size: 1.6rem;
  cursor: pointer;
  transition: all 0.3s ease-in-out;
}

.c12:hover {
  background-color: #b81132;
}

.c8 .c4 {
  margin-bottom: 1.6rem;
}

.c3 .c4 {
  margin-bottom: 1.6rem;
}

.c7 {
  display: grid;
  grid-template-columns: repeat(auto-fill, minmax(280px, 1fr));
  gap: 4.0rem;
  margin-top: 5.6rem;
  width: 100%;
}

.c2 .c4 {
  margin-bottom: 1.6rem;
  color: #0A1128;
}

.c2 .c10 {
  margin-top: 2.4rem;
}

.c6 {
  font-size: 1.6rem;
}

@media (max-width:768px) {
  .c7 {
    grid-template-columns: 1fr;
  }
}

<div>
  <div
    background="0"
    class="c0"
  >
    <div
      class="c1"
    >
      <div
        background="0"
        class="c2"
      >
        <div
          class="c3"
        >
          <h1
            class="c4 c5"
            isdark="1"
            uppercase="1"
          >
            My grid
          </h1>
          <p
            class="c6"
          >
            Atque doloribus nobis laudantium esse ut, non commodi maxime distinctio veritatis unde
          </p>
        </div>
        <div
          class="c7"
        >
          <div
            class="c8"
          >
            <h1
              class="c4 c9"
              isdark="1"
              uppercase="0"
            >
              Teste 1
            </h1>
            <p
              class="c6"
            >
              Lorem ipsum dolor sit, amet consectetur adipisicing elit. Debitis cum delectus molestias. Atque doloribus nobis laudantium esse ut, non commodi maxime distinctio veritatis unde, reprehenderit minus ad dolores provident maiores.
            </p>
          </div>
          <div
            class="c8"
          >
            <h1
              class="c4 c9"
              isdark="1"
              uppercase="0"
            >
              Teste 2
            </h1>
            <p
              class="c6"
            >
              Lorem ipsum dolor sit, amet consectetur adipisicing elit. Debitis cum delectus molestias. Atque doloribus nobis laudantium esse ut, non commodi maxime distinctio veritatis unde, reprehenderit minus ad dolores provident maiores.
            </p>
          </div>
          <div
            class="c8"
          >
            <h1
              class="c4 c9"
              isdark="1"
              uppercase="0"
            >
              Teste 3
            </h1>
            <p
              class="c6"
            >
              Lorem ipsum dolor sit, amet consectetur adipisicing elit. Debitis cum delectus molestias. Atque doloribus nobis laudantium esse ut, non commodi maxime distinctio veritatis unde, reprehenderit minus ad dolores provident maiores.
            </p>
          </div>
        </div>
        <a
          class="c10 c11"
          href="#"
        >
          <button
            class="c12"
          >
            Clique aqui
          </button>
        </a>
      </div>
    </div>
  </div>
</div>
`;
