// Jest Snapshot v1, https://goo.gl/fbAQLP

exports[`<SectionBox/> should render section box 1`] = `
.c4 {
  color: #0A1128;
  text-transform: none;
  font-size: 3.2rem;
}

.c6 {
  font-size: 1.6rem;
}

.c8 {
  display: block;
}

.c9 {
  font-weight: bold;
  border: none;
  background-color: #dc143c;
  color: #FFFFFF;
  border-radius: 4px;
  padding: 8px 20px;
  font-size: 1.6rem;
  cursor: pointer;
  transition: all 0.3s ease-in-out;
}

.c9:hover {
  background-color: #b81132;
}

.c2 {
  display: flex;
  flex-direction: column;
  justify-content: center;
  align-items: center;
  width: 80%;
  margin: 0 auto;
}

.c2 >.c3 {
  margin-bottom: 1.6rem;
}

.c2 >.c5 {
  margin-top: 1.6rem;
  text-align: center;
}

.c2 >.c7 {
  margin-top: 2.4rem;
}

.c1 {
  max-width: 120rem;
  margin: 0 auto;
  padding: 3.2rem;
  width: 100%;
}

.c0 {
  background-color: #FFFFFF;
  color: #0A1128;
  min-height: 100vh;
  display: flex;
  align-items: center;
}

<div>
  <div
    background="0"
    class="c0"
  >
    <div
      class="c1"
    >
      <div
        class="c2"
      >
        <h1
          class="c3 c4"
          isdark="1"
          uppercase="0"
        >
          Section Box
        </h1>
        <p
          class="c5 c6"
        >
          There are 1
        </p>
        <p
          class="c5 c6"
        >
          There are 2
        </p>
        <p
          class="c5 c6"
        >
          There are 3
        </p>
        <a
          class="c7 c8"
          href="#"
        >
          <button
            class="c9"
          >
            Clique aqui
          </button>
        </a>
      </div>
    </div>
  </div>
</div>
`;
